C:\Users\Chouf\.gemini\antigravity\scratch\stockcliniquechoufa\MedicalStockManager\MedicalStockManager.csproj : error NU1103: Package stable UglyToad.PdfPig avec la version (>= 0.1.9) introuvable
C:\Users\Chouf\.gemini\antigravity\scratch\stockcliniquechoufa\MedicalStockManager\MedicalStockManager.csproj : error NU1103:   - Version(s) 2 trouv├®e(s) dans nuget.org [version la plus proche┬á: 1.7.0-custom-5]

├ëCHEC de la build.

C:\Users\Chouf\.gemini\antigravity\scratch\stockcliniquechoufa\MedicalStockManager\MedicalStockManager.csproj : error NU1103: Package stable UglyToad.PdfPig avec la version (>= 0.1.9) introuvable
C:\Users\Chouf\.gemini\antigravity\scratch\stockcliniquechoufa\MedicalStockManager\MedicalStockManager.csproj : error NU1103:   - Version(s) 2 trouv├®e(s) dans nuget.org [version la plus proche┬á: 1.7.0-custom-5]
    0 Avertissement(s)
    1 Erreur(s)

Temps ├®coul├® 00:00:00.51
